git : To https://github
.com/Angiljain/movie-re
commender.git
At line:1 char:1
+ git push origin main 
2>&1 | Out-File 
push.log -Encoding utf8
+ ~~~~~~~~~~~~~~~~~~~~~
~~~~
    + CategoryInfo     
         : NotSpecifi  
  ed: (To https://gi   
 th...recommender.g    
it:String) [], Rem    
oteException
    + FullyQualifiedEr 
   rorId : NativeComm  
  andError
 
 ! [rejected]        
main -> main (fetch 
first)
error: failed to push 
some refs to 'https://g
ithub.com/Angiljain/mov
ie-recommender.git'
hint: Updates were 
rejected because the 
remote contains work 
that you do not
hint: have locally. 
This is usually caused 
by another repository 
pushing to
hint: the same ref. If 
you want to integrate 
the remote changes, use
hint: 'git pull' 
before pushing again.
hint: See the 'Note 
about fast-forwards' 
in 'git push --help' 
for details.
